
? Sources: Page's pages

           Sound     Indices
SUBSTANCE  Velocity    of
           (ft/sec)  Refraction
---------  --------  ----------
Air          331.5      1.00
Alcohol                 1.36
Diamond                 2.42
Glass       5500        1.6
Granite     3950
Iron        5100
Water       1450        1.33
Wood        4100

